<html>
<body>
<pre>
<h1>礦ision Build Log</h1>
<h2>Tool Versions:</h2>
IDE-Version: μVision V5.21.1.0
Copyright (C) 2016 ARM Ltd and ARM Germany GmbH. All rights reserved.
License Information: 1 1, 1, LIC=MPPLD-8KE86-56LQ2-9X281-MD3AC-XXKJL
 
Tool Versions:
Toolchain:       MDK-ARM Plus  Version: 5.21a
Toolchain Path:  E:\Keil_v5\ARM\ARMCC\Bin
C Compiler:      Armcc.exe V5.06 update 3 (build 300)
Assembler:       Armasm.exe V5.06 update 3 (build 300)
Linker/Locator:  ArmLink.exe V5.06 update 3 (build 300)
Library Manager: ArmAr.exe V5.06 update 3 (build 300)
Hex Converter:   FromElf.exe V5.06 update 3 (build 300)
CPU DLL:         SARMCM3.DLL V5.21a
Dialog DLL:      DCM.DLL V1.13.8.0
Target DLL:      STLink\ST-LINKIII-KEIL_SWO.dll V2.0.18.0
Dialog DLL:      TCM.DLL V1.14.14.0
 
<h2>Project:</h2>
E:\desktop\STM32CODES\STM32ReferCodes\STM32F1\F1以太网\3 物联网开发-WIFI模块 配套代码\1-ESP8266 基础网络通信之 TCP服务器（AP模式 热点）\1-ESP8266 基础网络通信之 TCP服务器（AP模式 热点）\USER\工程文件.uvprojx
Project File Date:  09/23/2023

<h2>Output:</h2>
*** Using Compiler 'V5.06 update 3 (build 300)', folder: 'E:\Keil_v5\ARM\ARMCC\Bin'
Build target '工程'
assembling startup_stm32f10x_hd.s...
compiling system_stm32f10x.c...
compiling timer4.c...
compiling main.c...
compiling misc.c...
compiling core_cm3.c...
compiling stm32f10x_rcc.c...
compiling delay.c...
compiling usart1.c...
compiling stm32f10x_gpio.c...
compiling stm32f10x_it.c...
compiling stm32f10x_usart.c...
compiling wifi.c...
compiling stm32f10x_exti.c...
compiling usart2.c...
compiling stm32f10x_tim.c...
linking...
Program Size: Code=12500 RO-data=852 RW-data=40 ZI-data=5984  
FromELF: creating hex file...
"..\OBJ\工程文件.axf" - 0 Error(s), 0 Warning(s).

<h2>Collection of Component include folders:</h2>
  E:\desktop\STM32CODES\STM32ReferCodes\STM32F1\F1以太网\3 物联网开发-WIFI模块 配套代码\1-ESP8266 基础网络通信之 TCP服务器（AP模式 热点）\1-ESP8266 基础网络通信之 TCP服务器（AP模式 热点）\USER\RTE
  E:\Keil_v5\ARM\PACK\Keil\STM32F1xx_DFP\2.3.0\Device\Include

<h2>Collection of Component Files used:</h2>
Build Time Elapsed:  00:00:07
</pre>
</body>
</html>
