<html>
<body>
<pre>
<h1>礦ision Build Log</h1>
<h2>Tool Versions:</h2>
IDE-Version: μVision V5.21.1.0
Copyright (C) 2016 ARM Ltd and ARM Germany GmbH. All rights reserved.
License Information: 1 1, 1, LIC=MPPLD-8KE86-56LQ2-9X281-MD3AC-XXKJL
 
Tool Versions:
Toolchain:       MDK-ARM Plus  Version: 5.21a
Toolchain Path:  E:\Keil_v5\ARM\ARMCC\Bin
C Compiler:      Armcc.exe V5.06 update 3 (build 300)
Assembler:       Armasm.exe V5.06 update 3 (build 300)
Linker/Locator:  ArmLink.exe V5.06 update 3 (build 300)
Library Manager: ArmAr.exe V5.06 update 3 (build 300)
Hex Converter:   FromElf.exe V5.06 update 3 (build 300)
CPU DLL:         SARMCM3.DLL V5.21a
Dialog DLL:      DARMSTM.DLL V1.66.0.1
Target DLL:      CMSIS_AGDI.dll V1.26.5.0
Dialog DLL:      TARMSTM.DLL V1.65.0.0
 
<h2>Project:</h2>
E:\desktop\STM32 CODES\STM32 F1\野火【WiFi_ESP8266】模块_20241226\2-配套程序_接线说明\1-基础通信例程\STM32F103ZET6核心板\2-WIFI透传\Project\RVMDK（uv5）\iSO-STM32.uvprojx
Project File Date:  12/26/2024

<h2>Output:</h2>
*** Using Compiler 'V5.06 update 3 (build 300)', folder: 'E:\Keil_v5\ARM\ARMCC\Bin'
Rebuild target 'WF-ESP8266'
assembling startup_stm32f10x_hd.s...
compiling stm32f10x_can.c...
compiling stm32f10x_dbgmcu.c...
compiling stm32f10x_adc.c...
compiling stm32f10x_exti.c...
compiling stm32f10x_cec.c...
compiling system_stm32f10x.c...
compiling core_cm3.c...
compiling stm32f10x_dma.c...
compiling stm32f10x_bkp.c...
compiling stm32f10x_dac.c...
compiling misc.c...
compiling stm32f10x_flash.c...
compiling stm32f10x_crc.c...
compiling stm32f10x_gpio.c...
compiling stm32f10x_fsmc.c...
compiling stm32f10x_i2c.c...
compiling stm32f10x_iwdg.c...
compiling stm32f10x_pwr.c...
compiling stm32f10x_rcc.c...
compiling stm32f10x_rtc.c...
compiling stm32f10x_spi.c...
compiling stm32f10x_wwdg.c...
compiling stm32f10x_sdio.c...
compiling stm32f10x_usart.c...
compiling main.c...
compiling bsp_SysTick.c...
compiling stm32f10x_it.c...
compiling stm32f10x_tim.c...
compiling Common.c...
compiling bsp_gpio.c...
compiling bsp_dht11.c...
compiling core_delay.c...
compiling bsp_usart.c...
compiling bsp_led.c...
compiling bsp_esp8266.c...
compiling bsp_esp8266_test.c...
linking...
Program Size: Code=8964 RO-data=588 RW-data=80 ZI-data=3080  
FromELF: creating hex file...
"..\..\Output\Template.axf" - 0 Error(s), 0 Warning(s).

<h2>Collection of Component include folders:</h2>
  E:\desktop\STM32 CODES\STM32 F1\野火【WiFi_ESP8266】模块_20241226\2-配套程序_接线说明\1-基础通信例程\STM32F103ZET6核心板\2-WIFI透传\Project\RVMDK（uv5）\RTE
  E:\Keil_v5\ARM\PACK\Keil\STM32F1xx_DFP\2.3.0\Device\Include

<h2>Collection of Component Files used:</h2>
Build Time Elapsed:  00:00:05
</pre>
</body>
</html>
