<html>
<body>
<pre>
<h1>礦ision Build Log</h1>
<h2>Tool Versions:</h2>
IDE-Version: μVision V5.18.0.0
Copyright (C) 2016 ARM Ltd and ARM Germany GmbH. All rights reserved.
License Information: 1 ASUS, 1, LIC=03C6R-K35A9-Z9FG9-48NXF-HEEBT-0ZH3R
 
Tool Versions:
Toolchain:       MDK-ARM Standard  Version: 5.24.1
Toolchain Path:  E:\desktop\software\C51\ARM\ARMCC\Bin
C Compiler:      Armcc.exe V5.06 update 5 (build 528)
Assembler:       Armasm.exe V5.06 update 5 (build 528)
Linker/Locator:  ArmLink.exe V5.06 update 5 (build 528)
Library Manager: ArmAr.exe V5.06 update 5 (build 528)
Hex Converter:   FromElf.exe V5.06 update 5 (build 528)
CPU DLL:         SARMCM3.DLL V5.24.1
Dialog DLL:      DCM.DLL V1.16.0.0
Target DLL:      STLink\ST-LINKIII-KEIL_SWO.dll V3.0.1.0
Dialog DLL:      TCM.DLL V1.32.0.0
 
<h2>Project:</h2>
E:\desktop\硬件部\1 项目\1 创界\1 机器制造\1 A机\32控制代码\F103 stepper motors\MDK-ARM\F103 stepper motors.uvprojx
Project File Date:  08/02/2023

<h2>Output:</h2>
*** Using Compiler 'V5.06 update 5 (build 528)', folder: 'E:\desktop\software\C51\ARM\ARMCC\Bin'
Build target 'F103 stepper motors'
compiling main.c...
linking...
Program Size: Code=9972 RO-data=380 RW-data=60 ZI-data=2476  
FromELF: creating hex file...
"F103 stepper motors\F103 stepper motors.axf" - 0 Error(s), 0 Warning(s).

<h2>Software Packages used:</h2>

Package Vendor: ARM
                https://www.keil.com/pack/ARM.CMSIS.5.9.1.pack
                ARM::CMSIS:CORE:5.7.0
                CMSIS (Common Microcontroller Software Interface Standard)
   * Component: CORE Version: 5.7.0

<h2>Collection of Component include folders:</h2>
  E:\desktop\硬件部\1 项目\1 创界\1 机器制造\1 A机\32控制代码\F103 stepper motors\MDK-ARM\RTE
  E:\desktop\software\C51\CMSIS_5-develop\CMSIS_5-develop\CMSIS\Core\Include
  E:\desktop\software\C51\Keil\STM32F1xx_DFP\2.3.0\Device\Include

<h2>Collection of Component Files used:</h2>

   * Component: ARM::CMSIS:CORE:5.7.0
      Include file:  CMSIS\Core\Include\tz_context.h
      Source file:   CMSIS\Core\Template\ARMv8-M\main_s.c
      Source file:   CMSIS\Core\Template\ARMv8-M\tz_context.c
Build Time Elapsed:  00:00:02
</pre>
</body>
</html>
