<html>
<body>
<pre>
<h1>礦ision Build Log</h1>
<h2>Tool Versions:</h2>
IDE-Version: μVision V5.14.2
Copyright (C) 2015 ARM Ltd and ARM Germany GmbH. All rights reserved.
License Information: 1 ASUS, 1, LIC=03C6R-K35A9-Z9FG9-48NXF-HEEBT-0ZH3R
 
Tool Versions:
Toolchain:       MDK-ARM Standard  Version: 5.24.1
Toolchain Path:  E:\desktop\software\C51\ARM\ARMCC\Bin
C Compiler:      Armcc.exe V5.06 update 5 (build 528)
Assembler:       Armasm.exe V5.06 update 5 (build 528)
Linker/Locator:  ArmLink.exe V5.06 update 5 (build 528)
Library Manager: ArmAr.exe V5.06 update 5 (build 528)
Hex Converter:   FromElf.exe V5.06 update 5 (build 528)
CPU DLL:         SARMCM3.DLL V5.24.1
Dialog DLL:      DCM.DLL V1.16.0.0
Target DLL:      Segger\JL2CM3.dll V2.99.26.0
Dialog DLL:      TCM.DLL V1.32.0.0
 
<h2>Project:</h2>
E:\desktop\硬件部\2项目\3 小车\代码\3508\Project\project.uvprojx
Project File Date:  04/13/2023

<h2>Output:</h2>
*** Using Compiler 'V5.06 update 5 (build 528)', folder: 'E:\desktop\software\C51\ARM\ARMCC\Bin'
Rebuild target 'Target 1'
compiling usart.c...
compiling sys.c...
compiling arm_mat_init_f32.c...
compiling arm_mat_trans_f32.c...
compiling arm_mat_sub_f32.c...
compiling arm_mat_scale_f32.c...
compiling arm_mat_mult_f32.c...
compiling arm_mat_inverse_f64.c...
compiling arm_mat_inverse_f32.c...
compiling arm_mat_add_f32.c...
assembling startup_stm32f40xx.s...
compiling misc.c...
compiling stm32f4xx_syscfg.c...
compiling stm32f4xx_gpio.c...
compiling stm32f4xx_rcc.c...
compiling stm32f4xx_tim.c...
compiling stm32f4xx_usart.c...
compiling system_stm32f4xx.c...
compiling stm32f4xx_can.c...
compiling stm32f4xx_dma.c...
compiling stm32f4xx_exti.c...
compiling stm32f4xx_flash.c...
compiling stm32f4xx_spi.c...
compiling stm32f4xx_adc.c...
compiling stm32f4xx_iwdg.c...
compiling main.c...
compiling stm32f4xx_it.c...
compiling GO.c...
compiling system.c...
compiling zigbee_upper.c...
compiling FreeRTOS_Init.c...
compiling Sonic.c...
compiling iwdg.c...
compiling can1.c...
compiling can2.c...
compiling led.c...
compiling TIM.c...
compiling myiic.c...
compiling uart4.c...
compiling uart1.c...
compiling uart3.c...
compiling mpu6050.c...
compiling inv_mpu.c...
compiling inv_mpu_dmp_motion_driver.c...
compiling bmi.c...
compiling bmi2.c...
compiling bmi2_common.c...
compiling bmi2_ois.c...
compiling bmi270.c...
compiling bmi270_context.c...
..\IMU-BMI270\bmi270_context.c(524): warning:  #177-D: function "null_ptr_check"  was declared but never referenced
  static int8_t null_ptr_check(const struct bmi2_dev *dev);
..\IMU-BMI270\bmi270_context.c: 1 warning, 0 errors
compiling vision.c...
compiling BUFF.c...
compiling AUTO.c...
compiling crc.c...
compiling SinCosTable.c...
compiling kalman.c...
compiling masters_RTX.c...
compiling CUSUI.c...
compiling referee.c...
compiling system_state.c...
compiling gimbal.c...
compiling rudder.c...
compiling remote.c...
compiling chassis.c...
..\BSP\chassis.c(384): warning:  #177-D: variable "kZ_Adapt"  was declared but never referenced
    float kZ_Adapt = 0;
..\BSP\chassis.c(385): warning:  #550-D: variable "Zangle"  was set but never used
    float Zangle;
..\BSP\chassis.c: 2 warnings, 0 errors
compiling module.c...
compiling rifle.c...
compiling motor.c...
compiling my_imu.c...
compiling PID.c...
compiling croutine.c...
compiling event_groups.c...
compiling list.c...
compiling queue.c...
compiling tasks.c...
compiling timers.c...
compiling heap_4.c...
compiling port.c...
linking...
Program Size: Code=137028 RO-data=11756 RW-data=9404 ZI-data=83620  
".\Objects\project.axf" - 0 Error(s), 3 Warning(s).

<h2>Collection of Component include folders:</h2>
  E:\desktop\硬件部\2项目\3 小车\代码\3508\Project\RTE
  E:\desktop\software\C51\Keil\STM32F4xx_DFP\2.15.0\Drivers\CMSIS\Device\ST\STM32F4xx\Include

<h2>Collection of Component Files used:</h2>
</pre>
</body>
</html>
