<html>
<body>
<pre>
<h1>µVision Build Log</h1>
<h2>Tool Versions:</h2>
IDE-Version: ¦ÌVision V5.24.2.0
Copyright (C) 2017 ARM Ltd and ARM Germany GmbH. All rights reserved.
License Information: Shiina Mashiro, yinhuazhuang, LIC=PE7DL-0CU0G-VEPHA-1RQJZ-7NG0K-UGABD
 
Tool Versions:
Toolchain:       MDK-ARM Plus  Version: 5.24.1
Toolchain Path:  D:\yingyong\work\danpianji\keil5\ARM\ARMCC\Bin
C Compiler:      Armcc.exe V5.06 update 5 (build 528)
Assembler:       Armasm.exe V5.06 update 5 (build 528)
Linker/Locator:  ArmLink.exe V5.06 update 5 (build 528)
Library Manager: ArmAr.exe V5.06 update 5 (build 528)
Hex Converter:   FromElf.exe V5.06 update 5 (build 528)
CPU DLL:         SARMCM3.DLL V5.24.1
Dialog DLL:      DCM.DLL V1.16.0.0
Target DLL:      CMSIS_AGDI.dll V1.28.3.0
Dialog DLL:      TCM.DLL V1.32.0.0
 
<h2>Project:</h2>
D:\homework\danpianji\zixueProject-cubeMX\8266_test\8266_test_1\MDK-ARM\8266_test_1.uvprojx
Project File Date:  06/11/2023

<h2>Output:</h2>
*** Using Compiler 'V5.06 update 5 (build 528)', folder: 'D:\yingyong\work\danpianji\keil5\ARM\ARMCC\Bin'
Build target '8266_test_1'
compiling main.c...
compiling ESP8266.c...
..\Core\Src\ESP8266.c(185): warning:  #167-D: argument of type "char *" is incompatible with parameter of type "uint8_t *"
  	if(sendTo8266(str)){
..\Core\Src\ESP8266.c(198): warning:  #167-D: argument of type "char *" is incompatible with parameter of type "uint8_t *"
  	if(sendTo8266(str)){
..\Core\Src\ESP8266.c: 2 warnings, 0 errors
linking...
Program Size: Code=9036 RO-data=360 RW-data=32 ZI-data=4088  
FromELF: creating hex file...
"8266_test_1\8266_test_1.axf" - 0 Error(s), 2 Warning(s).

<h2>Software Packages used:</h2>

Package Vendor: ARM
                http://www.keil.com/pack/ARM.CMSIS.5.0.1.pack
                ARM.CMSIS.5.0.1
                CMSIS (Cortex Microcontroller Software Interface Standard)
   * Component: CORE Version: 5.0.1

Package Vendor: Keil
                http://www.keil.com/pack/Keil.STM32F1xx_DFP.2.2.0.pack
                Keil.STM32F1xx_DFP.2.2.0
                STMicroelectronics STM32F1 Series Device Support, Drivers and Examples

<h2>Collection of Component include folders:</h2>
  .\RTE\_8266_test_1
  D:\yingyong\work\danpianji\keil5\ARM\PACK\ARM\CMSIS\5.0.1\CMSIS\Include
  D:\yingyong\work\danpianji\keil5\ARM\PACK\Keil\STM32F1xx_DFP\2.2.0\Device\Include

<h2>Collection of Component Files used:</h2>

   * Component: ARM::CMSIS:CORE:5.0.1
Build Time Elapsed:  00:00:02
</pre>
</body>
</html>
